node.exe : 
Browserslist: browsers 
data (caniuse-lite) is 
10 months old. Please 
run:
At line:1 char:1
+ & "C:\Program 
Files\nodejs/node.exe" 
"C:\Program 
Files\nodejs/node_mo 
...
+ ~~~~~~~~~~~~~~~~~~~~~
~~~~~~~~~~~~~~~~~~~~~~~
~~~~~~~~~~~~~~~~~~~~~~~
~~
    + CategoryInfo     
         : NotSpecifi  
  ed: (Browserslist:   
  b...ld. Please ru    
n::String) [], Rem    
oteException
    + FullyQualifiedEr 
   rorId : NativeComm  
  andError
 
  npx update-browsersli
st-db@latest
  Why you should do it 
regularly: https://gith
ub.com/browserslist/upd
ate-db#readme
[31m[1m00:54:15[22m 
[ERROR] [vite][39m 
[31mΓ£ù[39m Build 
failed in 1.58s
Unexpected "&"
  [1mLocation:[22m
    [4mC:/kartik 
portfolio 2/AW-2025-Por
tfolio/src/components/S
Hero.astro:28:532[24m
  [1mStack trace:[22m
[2m    at 
failureErrorWithLog 
(C:\kartik portfolio 2\
AW-2025-Portfolio\node_
modules\esbuild\lib\mai
n.js:1463:15)
    at responseCallback
s.<computed> 
(C:\kartik portfolio 2\
AW-2025-Portfolio\node_
modules\esbuild\lib\mai
n.js:601:9)
    at 
Socket.readFromStdout 
(C:\kartik portfolio 2\
AW-2025-Portfolio\node_
modules\esbuild\lib\mai
n.js:579:7)
    at addChunk (node:i
nternal/streams/readabl
e:559:12)
    at Readable.push (n
ode:internal/streams/re
adable:390:5)[22m
